// Jest Snapshot v1, https://goo.gl/fbAQLP

exports[`matches the expected shape of the table 1`] = `
<div
  className="makeStyles-root-1"
>
  <div
    className="MuiTableContainer-root"
  >
    <table
      aria-label="table"
      className="MuiTable-root makeStyles-table-3"
      role={null}
    >
      <thead
        className="MuiTableHead-root"
        role={null}
      >
        <tr
          className="MuiTableRow-root WithStyles(ForwardRef(TableRow))-root-6 makeStyles-root-5 MuiTableRow-head"
          role={null}
        >
          <th
            aria-sort={null}
            className="MuiTableCell-root WithStyles(ForwardRef(TableCell))-root-10 MuiTableCell-head WithStyles(ForwardRef(TableCell))-head-11 makeStyles-root-5"
            scope="col"
          >
            <span
              aria-disabled={false}
              className="MuiButtonBase-root MuiIconButton-root PrivateSwitchBase-root-14 MuiCheckbox-root WithStyles(ForwardRef(Checkbox))-root-12 MuiCheckbox-colorPrimary MuiIconButton-colorPrimary"
              onBlur={[Function]}
              onDragLeave={[Function]}
              onFocus={[Function]}
              onKeyDown={[Function]}
              onKeyUp={[Function]}
              onMouseDown={[Function]}
              onMouseLeave={[Function]}
              onMouseUp={[Function]}
              onTouchEnd={[Function]}
              onTouchMove={[Function]}
              onTouchStart={[Function]}
              tabIndex={null}
            >
              <span
                className="MuiIconButton-label"
              >
                <input
                  aria-label="select all contacts"
                  checked={false}
                  className="PrivateSwitchBase-input-17"
                  data-indeterminate={false}
                  onChange={[Function]}
                  type="checkbox"
                />
                <svg
                  aria-hidden={true}
                  className="MuiSvgIcon-root MuiSvgIcon-fontSizeSmall"
                  focusable="false"
                  viewBox="0 0 24 24"
                >
                  <path
                    d="M19 5v14H5V5h14m0-2H5c-1.1 0-2 .9-2 2v14c0 1.1.9 2 2 2h14c1.1 0 2-.9 2-2V5c0-1.1-.9-2-2-2z"
                  />
                </svg>
              </span>
            </span>
          </th>
          <th
            aria-sort="ascending"
            className="MuiTableCell-root WithStyles(ForwardRef(TableCell))-root-10 MuiTableCell-head WithStyles(ForwardRef(TableCell))-head-11 makeStyles-root-5 MuiTableCell-alignLeft"
            scope="col"
          >
            <span
              aria-disabled={false}
              className="MuiButtonBase-root MuiTableSortLabel-root"
              data-testid="firstName"
              onBlur={[Function]}
              onClick={[Function]}
              onDragLeave={[Function]}
              onFocus={[Function]}
              onKeyDown={[Function]}
              onKeyUp={[Function]}
              onMouseDown={[Function]}
              onMouseLeave={[Function]}
              onMouseUp={[Function]}
              onTouchEnd={[Function]}
              onTouchMove={[Function]}
              onTouchStart={[Function]}
              role="button"
              tabIndex={0}
            >
              Contact
              <svg
                aria-hidden={true}
                className="MuiSvgIcon-root MuiTableSortLabel-icon MuiTableSortLabel-iconDirectionAsc"
                focusable="false"
                viewBox="0 0 24 24"
              >
                <path
                  d="M20 12l-1.41-1.41L13 16.17V4h-2v12.17l-5.58-5.59L4 12l8 8 8-8z"
                />
              </svg>
            </span>
          </th>
          <th
            aria-sort={null}
            className="MuiTableCell-root WithStyles(ForwardRef(TableCell))-root-10 MuiTableCell-head WithStyles(ForwardRef(TableCell))-head-11 makeStyles-root-5 MuiTableCell-alignLeft"
            scope="col"
          >
            <span
              aria-disabled={false}
              className="MuiButtonBase-root MuiTableSortLabel-root"
              data-testid="totalValue"
              onBlur={[Function]}
              onClick={[Function]}
              onDragLeave={[Function]}
              onFocus={[Function]}
              onKeyDown={[Function]}
              onKeyUp={[Function]}
              onMouseDown={[Function]}
              onMouseLeave={[Function]}
              onMouseUp={[Function]}
              onTouchEnd={[Function]}
              onTouchMove={[Function]}
              onTouchStart={[Function]}
              role="button"
              tabIndex={0}
            >
              Total Value
              <svg
                aria-hidden={true}
                className="MuiSvgIcon-root MuiTableSortLabel-icon MuiTableSortLabel-iconDirectionAsc"
                focusable="false"
                viewBox="0 0 24 24"
              >
                <path
                  d="M20 12l-1.41-1.41L13 16.17V4h-2v12.17l-5.58-5.59L4 12l8 8 8-8z"
                />
              </svg>
            </span>
          </th>
          <th
            aria-sort={null}
            className="MuiTableCell-root WithStyles(ForwardRef(TableCell))-root-10 MuiTableCell-head WithStyles(ForwardRef(TableCell))-head-11 makeStyles-root-5 MuiTableCell-alignLeft"
            scope="col"
          >
            Location
          </th>
          <th
            aria-sort={null}
            className="MuiTableCell-root WithStyles(ForwardRef(TableCell))-root-10 MuiTableCell-head WithStyles(ForwardRef(TableCell))-head-11 makeStyles-root-5 MuiTableCell-alignLeft"
            scope="col"
          >
            Deals
          </th>
          <th
            aria-sort={null}
            className="MuiTableCell-root WithStyles(ForwardRef(TableCell))-root-10 MuiTableCell-head WithStyles(ForwardRef(TableCell))-head-11 makeStyles-root-5 MuiTableCell-alignLeft"
            scope="col"
          >
            Tags
          </th>
          <th
            aria-sort={null}
            className="MuiTableCell-root WithStyles(ForwardRef(TableCell))-root-10 MuiTableCell-head WithStyles(ForwardRef(TableCell))-head-11 makeStyles-root-5"
            scope="col"
          >
            <div
              className="makeStyles-root-18"
            >
              <button
                aria-haspopup="true"
                className="MuiButtonBase-root MuiIconButton-root"
                disabled={false}
                onBlur={[Function]}
                onClick={[Function]}
                onDragLeave={[Function]}
                onFocus={[Function]}
                onKeyDown={[Function]}
                onKeyUp={[Function]}
                onMouseDown={[Function]}
                onMouseLeave={[Function]}
                onMouseUp={[Function]}
                onTouchEnd={[Function]}
                onTouchMove={[Function]}
                onTouchStart={[Function]}
                tabIndex={0}
                type="button"
              >
                <span
                  className="MuiIconButton-label"
                >
                  <svg
                    aria-hidden={true}
                    className="MuiSvgIcon-root"
                    focusable="false"
                    viewBox="0 0 24 24"
                  >
                    <path
                      d="M6 10c-1.1 0-2 .9-2 2s.9 2 2 2 2-.9 2-2-.9-2-2-2zm12 0c-1.1 0-2 .9-2 2s.9 2 2 2 2-.9 2-2-.9-2-2-2zm-6 0c-1.1 0-2 .9-2 2s.9 2 2 2 2-.9 2-2-.9-2-2-2z"
                    />
                  </svg>
                </span>
              </button>
            </div>
          </th>
        </tr>
      </thead>
      <tbody
        className="MuiTableBody-root"
        role={null}
      >
        <tr
          aria-checked={false}
          className="MuiTableRow-root WithStyles(ForwardRef(TableRow))-root-6 MuiTableRow-hover WithStyles(ForwardRef(TableRow))-hover-8"
          onClick={[Function]}
          role="checkbox"
          tabIndex={-1}
        >
          <td
            aria-sort={null}
            className="MuiTableCell-root WithStyles(ForwardRef(TableCell))-root-10 MuiTableCell-body MuiTableCell-paddingCheckbox WithStyles(ForwardRef(TableCell))-paddingCheckbox-9"
          >
            <span
              aria-disabled={false}
              className="MuiButtonBase-root MuiIconButton-root PrivateSwitchBase-root-14 MuiCheckbox-root WithStyles(ForwardRef(Checkbox))-root-12 MuiCheckbox-colorPrimary MuiIconButton-colorPrimary"
              onBlur={[Function]}
              onDragLeave={[Function]}
              onFocus={[Function]}
              onKeyDown={[Function]}
              onKeyUp={[Function]}
              onMouseDown={[Function]}
              onMouseLeave={[Function]}
              onMouseUp={[Function]}
              onTouchEnd={[Function]}
              onTouchMove={[Function]}
              onTouchStart={[Function]}
              tabIndex={null}
            >
              <span
                className="MuiIconButton-label"
              >
                <input
                  aria-labelledby="enhanced-table-checkbox-0"
                  checked={false}
                  className="PrivateSwitchBase-input-17"
                  data-indeterminate={false}
                  onChange={[Function]}
                  type="checkbox"
                />
                <svg
                  aria-hidden={true}
                  className="MuiSvgIcon-root MuiSvgIcon-fontSizeSmall"
                  focusable="false"
                  viewBox="0 0 24 24"
                >
                  <path
                    d="M19 5v14H5V5h14m0-2H5c-1.1 0-2 .9-2 2v14c0 1.1.9 2 2 2h14c1.1 0 2-.9 2-2V5c0-1.1-.9-2-2-2z"
                  />
                </svg>
              </span>
            </span>
          </td>
          <th
            aria-sort={null}
            className="MuiTableCell-root WithStyles(ForwardRef(TableCell))-root-10 MuiTableCell-body MuiTableCell-paddingNone"
            id="enhanced-table-checkbox-0"
            role="cell"
            scope="row"
          >
            <div
              className="makeStyles-contact-4"
            >
              <div
                className="makeStyles-root-20"
              >
                <div
                  className="MuiAvatar-root MuiAvatar-circle makeStyles-small-21"
                >
                  <img
                    alt="Active"
                    className="MuiAvatar-img"
                    src="/someImage.jpg"
                  />
                </div>
              </div>
              Active
               
              Campaign
            </div>
          </th>
          <td
            aria-sort={null}
            className="MuiTableCell-root WithStyles(ForwardRef(TableCell))-root-10 MuiTableCell-body MuiTableCell-alignLeft"
            data-testid="amount"
          >
            $
            300
          </td>
          <td
            aria-sort={null}
            className="MuiTableCell-root WithStyles(ForwardRef(TableCell))-root-10 MuiTableCell-body MuiTableCell-alignLeft"
          />
          <td
            aria-sort={null}
            className="MuiTableCell-root WithStyles(ForwardRef(TableCell))-root-10 MuiTableCell-body MuiTableCell-alignLeft"
          >
            1
          </td>
          <td
            aria-sort={null}
            className="MuiTableCell-root WithStyles(ForwardRef(TableCell))-root-10 MuiTableCell-body MuiTableCell-alignLeft"
            style={
              Object {
                "display": "flex",
              }
            }
          >
            <div
              className="makeStyles-root-22"
            >
              <div
                className="MuiButtonBase-root MuiChip-root MuiChip-sizeSmall MuiChip-clickable MuiChip-deletable"
                onBlur={[Function]}
                onClick={[Function]}
                onDragLeave={[Function]}
                onFocus={[Function]}
                onKeyDown={[Function]}
                onKeyUp={[Function]}
                onMouseDown={[Function]}
                onMouseLeave={[Function]}
                onMouseUp={[Function]}
                onTouchEnd={[Function]}
                onTouchMove={[Function]}
                onTouchStart={[Function]}
                role="button"
                tabIndex={0}
              >
                <span
                  className="MuiChip-label MuiChip-labelSmall"
                >
                  foo
                </span>
                <svg
                  aria-hidden={true}
                  className="MuiSvgIcon-root MuiChip-deleteIcon MuiChip-deleteIconSmall"
                  focusable="false"
                  onClick={[Function]}
                  viewBox="0 0 24 24"
                >
                  <path
                    d="M19 6.41L17.59 5 12 10.59 6.41 5 5 6.41 10.59 12 5 17.59 6.41 19 12 13.41 17.59 19 19 17.59 13.41 12z"
                  />
                </svg>
              </div>
            </div>
            <div
              className="makeStyles-root-22"
            >
              <div
                className="MuiButtonBase-root MuiChip-root MuiChip-sizeSmall MuiChip-clickable MuiChip-deletable"
                onBlur={[Function]}
                onClick={[Function]}
                onDragLeave={[Function]}
                onFocus={[Function]}
                onKeyDown={[Function]}
                onKeyUp={[Function]}
                onMouseDown={[Function]}
                onMouseLeave={[Function]}
                onMouseUp={[Function]}
                onTouchEnd={[Function]}
                onTouchMove={[Function]}
                onTouchStart={[Function]}
                role="button"
                tabIndex={0}
              >
                <span
                  className="MuiChip-label MuiChip-labelSmall"
                >
                  bar
                </span>
                <svg
                  aria-hidden={true}
                  className="MuiSvgIcon-root MuiChip-deleteIcon MuiChip-deleteIconSmall"
                  focusable="false"
                  onClick={[Function]}
                  viewBox="0 0 24 24"
                >
                  <path
                    d="M19 6.41L17.59 5 12 10.59 6.41 5 5 6.41 10.59 12 5 17.59 6.41 19 12 13.41 17.59 19 19 17.59 13.41 12z"
                  />
                </svg>
              </div>
            </div>
          </td>
          <td
            aria-sort={null}
            className="MuiTableCell-root WithStyles(ForwardRef(TableCell))-root-10 MuiTableCell-body MuiTableCell-alignLeft"
          >
            <div>
              <div
                aria-label="split button"
                className="MuiButtonGroup-root makeStyles-buttonHide-26"
                classvariant="contained"
                role="group"
              >
                <button
                  className="MuiButtonBase-root MuiButton-root MuiButton-outlined MuiButtonGroup-grouped MuiButtonGroup-groupedHorizontal MuiButtonGroup-groupedOutlined MuiButtonGroup-groupedOutlinedHorizontal MuiButtonGroup-groupedOutlined makeStyles-mainButton-23"
                  disabled={false}
                  onBlur={[Function]}
                  onClick={[Function]}
                  onDragLeave={[Function]}
                  onFocus={[Function]}
                  onKeyDown={[Function]}
                  onKeyUp={[Function]}
                  onMouseDown={[Function]}
                  onMouseLeave={[Function]}
                  onMouseUp={[Function]}
                  onTouchEnd={[Function]}
                  onTouchMove={[Function]}
                  onTouchStart={[Function]}
                  tabIndex={0}
                  type="button"
                >
                  <span
                    className="MuiButton-label"
                  >
                    Email
                  </span>
                </button>
                <button
                  aria-haspopup="menu"
                  aria-label="select merge strategy"
                  className="MuiButtonBase-root MuiButton-root MuiButton-outlined MuiButtonGroup-grouped MuiButtonGroup-groupedHorizontal MuiButtonGroup-groupedOutlined MuiButtonGroup-groupedOutlinedHorizontal MuiButtonGroup-groupedOutlined makeStyles-arrowButton-24"
                  data-testid="menuArrow"
                  disabled={false}
                  onBlur={[Function]}
                  onClick={[Function]}
                  onDragLeave={[Function]}
                  onFocus={[Function]}
                  onKeyDown={[Function]}
                  onKeyUp={[Function]}
                  onMouseDown={[Function]}
                  onMouseLeave={[Function]}
                  onMouseUp={[Function]}
                  onTouchEnd={[Function]}
                  onTouchMove={[Function]}
                  onTouchStart={[Function]}
                  tabIndex={0}
                  type="button"
                >
                  <span
                    className="MuiButton-label"
                  >
                    <svg
                      aria-hidden={true}
                      className="MuiSvgIcon-root"
                      focusable="false"
                      viewBox="0 0 24 24"
                    >
                      <path
                        d="M7 10l5 5 5-5z"
                      />
                    </svg>
                  </span>
                </button>
              </div>
            </div>
          </td>
        </tr>
        <tr
          aria-checked={false}
          className="MuiTableRow-root WithStyles(ForwardRef(TableRow))-root-6 MuiTableRow-hover WithStyles(ForwardRef(TableRow))-hover-8"
          onClick={[Function]}
          role="checkbox"
          tabIndex={-1}
        >
          <td
            aria-sort={null}
            className="MuiTableCell-root WithStyles(ForwardRef(TableCell))-root-10 MuiTableCell-body MuiTableCell-paddingCheckbox WithStyles(ForwardRef(TableCell))-paddingCheckbox-9"
          >
            <span
              aria-disabled={false}
              className="MuiButtonBase-root MuiIconButton-root PrivateSwitchBase-root-14 MuiCheckbox-root WithStyles(ForwardRef(Checkbox))-root-12 MuiCheckbox-colorPrimary MuiIconButton-colorPrimary"
              onBlur={[Function]}
              onDragLeave={[Function]}
              onFocus={[Function]}
              onKeyDown={[Function]}
              onKeyUp={[Function]}
              onMouseDown={[Function]}
              onMouseLeave={[Function]}
              onMouseUp={[Function]}
              onTouchEnd={[Function]}
              onTouchMove={[Function]}
              onTouchStart={[Function]}
              tabIndex={null}
            >
              <span
                className="MuiIconButton-label"
              >
                <input
                  aria-labelledby="enhanced-table-checkbox-1"
                  checked={false}
                  className="PrivateSwitchBase-input-17"
                  data-indeterminate={false}
                  onChange={[Function]}
                  type="checkbox"
                />
                <svg
                  aria-hidden={true}
                  className="MuiSvgIcon-root MuiSvgIcon-fontSizeSmall"
                  focusable="false"
                  viewBox="0 0 24 24"
                >
                  <path
                    d="M19 5v14H5V5h14m0-2H5c-1.1 0-2 .9-2 2v14c0 1.1.9 2 2 2h14c1.1 0 2-.9 2-2V5c0-1.1-.9-2-2-2z"
                  />
                </svg>
              </span>
            </span>
          </td>
          <th
            aria-sort={null}
            className="MuiTableCell-root WithStyles(ForwardRef(TableCell))-root-10 MuiTableCell-body MuiTableCell-paddingNone"
            id="enhanced-table-checkbox-1"
            role="cell"
            scope="row"
          >
            <div
              className="makeStyles-contact-4"
            >
              <div
                className="makeStyles-root-20"
              >
                <div
                  className="MuiAvatar-root MuiAvatar-circle makeStyles-small-21"
                >
                  <img
                    alt="Campaign"
                    className="MuiAvatar-img"
                    src="/someImage.jpg"
                  />
                </div>
              </div>
              Campaign
               
              Active
            </div>
          </th>
          <td
            aria-sort={null}
            className="MuiTableCell-root WithStyles(ForwardRef(TableCell))-root-10 MuiTableCell-body MuiTableCell-alignLeft"
            data-testid="amount"
          >
            $
            150
          </td>
          <td
            aria-sort={null}
            className="MuiTableCell-root WithStyles(ForwardRef(TableCell))-root-10 MuiTableCell-body MuiTableCell-alignLeft"
          />
          <td
            aria-sort={null}
            className="MuiTableCell-root WithStyles(ForwardRef(TableCell))-root-10 MuiTableCell-body MuiTableCell-alignLeft"
          >
            2
          </td>
          <td
            aria-sort={null}
            className="MuiTableCell-root WithStyles(ForwardRef(TableCell))-root-10 MuiTableCell-body MuiTableCell-alignLeft"
            style={
              Object {
                "display": "flex",
              }
            }
          >
            <div
              className="makeStyles-root-22"
            >
              <div
                className="MuiButtonBase-root MuiChip-root MuiChip-sizeSmall MuiChip-clickable MuiChip-deletable"
                onBlur={[Function]}
                onClick={[Function]}
                onDragLeave={[Function]}
                onFocus={[Function]}
                onKeyDown={[Function]}
                onKeyUp={[Function]}
                onMouseDown={[Function]}
                onMouseLeave={[Function]}
                onMouseUp={[Function]}
                onTouchEnd={[Function]}
                onTouchMove={[Function]}
                onTouchStart={[Function]}
                role="button"
                tabIndex={0}
              >
                <span
                  className="MuiChip-label MuiChip-labelSmall"
                >
                  bar
                </span>
                <svg
                  aria-hidden={true}
                  className="MuiSvgIcon-root MuiChip-deleteIcon MuiChip-deleteIconSmall"
                  focusable="false"
                  onClick={[Function]}
                  viewBox="0 0 24 24"
                >
                  <path
                    d="M19 6.41L17.59 5 12 10.59 6.41 5 5 6.41 10.59 12 5 17.59 6.41 19 12 13.41 17.59 19 19 17.59 13.41 12z"
                  />
                </svg>
              </div>
            </div>
          </td>
          <td
            aria-sort={null}
            className="MuiTableCell-root WithStyles(ForwardRef(TableCell))-root-10 MuiTableCell-body MuiTableCell-alignLeft"
          >
            <div>
              <div
                aria-label="split button"
                className="MuiButtonGroup-root makeStyles-buttonHide-26"
                classvariant="contained"
                role="group"
              >
                <button
                  className="MuiButtonBase-root MuiButton-root MuiButton-outlined MuiButtonGroup-grouped MuiButtonGroup-groupedHorizontal MuiButtonGroup-groupedOutlined MuiButtonGroup-groupedOutlinedHorizontal MuiButtonGroup-groupedOutlined makeStyles-mainButton-23"
                  disabled={false}
                  onBlur={[Function]}
                  onClick={[Function]}
                  onDragLeave={[Function]}
                  onFocus={[Function]}
                  onKeyDown={[Function]}
                  onKeyUp={[Function]}
                  onMouseDown={[Function]}
                  onMouseLeave={[Function]}
                  onMouseUp={[Function]}
                  onTouchEnd={[Function]}
                  onTouchMove={[Function]}
                  onTouchStart={[Function]}
                  tabIndex={0}
                  type="button"
                >
                  <span
                    className="MuiButton-label"
                  >
                    Email
                  </span>
                </button>
                <button
                  aria-haspopup="menu"
                  aria-label="select merge strategy"
                  className="MuiButtonBase-root MuiButton-root MuiButton-outlined MuiButtonGroup-grouped MuiButtonGroup-groupedHorizontal MuiButtonGroup-groupedOutlined MuiButtonGroup-groupedOutlinedHorizontal MuiButtonGroup-groupedOutlined makeStyles-arrowButton-24"
                  data-testid="menuArrow"
                  disabled={false}
                  onBlur={[Function]}
                  onClick={[Function]}
                  onDragLeave={[Function]}
                  onFocus={[Function]}
                  onKeyDown={[Function]}
                  onKeyUp={[Function]}
                  onMouseDown={[Function]}
                  onMouseLeave={[Function]}
                  onMouseUp={[Function]}
                  onTouchEnd={[Function]}
                  onTouchMove={[Function]}
                  onTouchStart={[Function]}
                  tabIndex={0}
                  type="button"
                >
                  <span
                    className="MuiButton-label"
                  >
                    <svg
                      aria-hidden={true}
                      className="MuiSvgIcon-root"
                      focusable="false"
                      viewBox="0 0 24 24"
                    >
                      <path
                        d="M7 10l5 5 5-5z"
                      />
                    </svg>
                  </span>
                </button>
              </div>
            </div>
          </td>
        </tr>
      </tbody>
    </table>
  </div>
</div>
`;
